ARM Linker, 4.1 [Build 894] [Professional][RL-ARM]

==============================================================================

Section Cross References

    system_lpc407x_8x_177x_8x.o(.text) refers to system_lpc407x_8x_177x_8x.o(.data) for SystemCoreClock
    startup_lpc407x_8x_177x_8x.o(STACK) refers (Special) to heapauxi.o(.text) for __use_two_region_memory
    startup_lpc407x_8x_177x_8x.o(HEAP) refers (Special) to heapauxi.o(.text) for __use_two_region_memory
    startup_lpc407x_8x_177x_8x.o(RESET) refers (Special) to heapauxi.o(.text) for __use_two_region_memory
    startup_lpc407x_8x_177x_8x.o(RESET) refers to startup_lpc407x_8x_177x_8x.o(STACK) for __initial_sp
    startup_lpc407x_8x_177x_8x.o(RESET) refers to startup_lpc407x_8x_177x_8x.o(.text) for Reset_Handler
    startup_lpc407x_8x_177x_8x.o(RESET) refers to context_rvds.o(.text) for HardFault_Handler
    startup_lpc407x_8x_177x_8x.o(RESET) refers to board.o(.text) for SysTick_Handler
    startup_lpc407x_8x_177x_8x.o(RESET) refers to drv_uart.o(.text) for UART0_IRQHandler
    startup_lpc407x_8x_177x_8x.o(RESET) refers to drv_sd.o(.text) for DMA_IRQHandler
    startup_lpc407x_8x_177x_8x.o(.ARM.__at_0x02FC) refers (Special) to heapauxi.o(.text) for __use_two_region_memory
    startup_lpc407x_8x_177x_8x.o(.text) refers (Special) to heapauxi.o(.text) for __use_two_region_memory
    startup_lpc407x_8x_177x_8x.o(.text) refers to system_lpc407x_8x_177x_8x.o(.text) for SystemInit
    startup_lpc407x_8x_177x_8x.o(.text) refers to __main.o(!!!main) for __main
    startup_lpc407x_8x_177x_8x.o(.text) refers to startup_lpc407x_8x_177x_8x.o(HEAP) for Heap_Mem
    startup_lpc407x_8x_177x_8x.o(.text) refers to startup_lpc407x_8x_177x_8x.o(STACK) for Stack_Mem
    lpc_adc.o(.text) refers to lpc_clkpwr.o(.text) for CLKPWR_ConfigPPWR
    lpc_can.o(.text) refers to lpc_clkpwr.o(.text) for CLKPWR_GetCLK
    lpc_can.o(.text) refers to lpc_can.o(.data) for FULLCAN_ENABLE
    lpc_clkpwr.o(.text) refers to system_lpc407x_8x_177x_8x.o(.text) for SystemCoreClockUpdate
    lpc_clkpwr.o(.text) refers to system_lpc407x_8x_177x_8x.o(.data) for SystemCoreClock
    lpc_crc.o(.text) refers to lpc_crc.o(.data) for crc_cur_type
    lpc_dac.o(.text) refers to lpc_pinsel.o(.text) for PINSEL_ConfigPin
    lpc_eeprom.o(.text) refers to lpc_clkpwr.o(.text) for CLKPWR_GetCLK
    lpc_emc.o(.text) refers to lpc_clkpwr.o(.text) for CLKPWR_GetCLK
    lpc_emc.o(.text) refers to lludivv7m.o(.text) for __aeabi_uldivmod
    lpc_emc.o(.text) refers to lpc_pinsel.o(.text) for PINSEL_ConfigPin
    lpc_gpdma.o(.text) refers to lpc_clkpwr.o(.text) for CLKPWR_ConfigPPWR
    lpc_gpdma.o(.text) refers to lpc_gpdma.o(.data) for pGPDMACh
    lpc_gpdma.o(.text) refers to lpc_gpdma.o(.constdata) for GPDMA_LUTPerBurst
    lpc_gpio.o(.text) refers to lpc_clkpwr.o(.text) for CLKPWR_ConfigPPWR
    lpc_i2c.o(.text) refers to lpc_clkpwr.o(.text) for CLKPWR_GetCLK
    lpc_i2c.o(.text) refers to lpc_i2c.o(.bss) for i2cdat
    lpc_i2c.o(.text) refers to lpc_i2c.o(.data) for I2C_MonitorBufferIndex
    lpc_i2s.o(.text) refers to lpc_clkpwr.o(.text) for CLKPWR_ConfigPPWR
    lpc_i2s.o(.text) refers to llshl.o(.text) for __aeabi_llsl
    lpc_i2s.o(.text) refers to lludivv7m.o(.text) for __aeabi_uldivmod
    lpc_iap.o(.text) refers to lpc_clkpwr.o(.text) for CLKPWR_GetCLK
    lpc_iap.o(.text) refers to lpc_iap.o(.data) for iap_entry
    lpc_lcd.o(.text) refers to rt_memcpy_w.o(.text) for __aeabi_memcpy4
    lpc_lcd.o(.text) refers to lpc_pinsel.o(.text) for PINSEL_ConfigPin
    lpc_lcd.o(.text) refers to lpc_lcd.o(.bss) for lcd_config
    lpc_lcd.o(.text) refers to lpc_lcd.o(.data) for bits_per_pixel
    lpc_lcd.o(.text) refers to lpc_clkpwr.o(.text) for CLKPWR_ConfigPPWR
    lpc_mcpwm.o(.text) refers to lpc_clkpwr.o(.text) for CLKPWR_ConfigPPWR
    lpc_pwm.o(.text) refers to lpc_clkpwr.o(.text) for CLKPWR_ConfigPPWR
    lpc_pwm.o(.text) refers to lludivv7m.o(.text) for __aeabi_uldivmod
    lpc_qei.o(.text) refers to lpc_clkpwr.o(.text) for CLKPWR_ConfigPPWR
    lpc_qei.o(.text) refers to lludivv7m.o(.text) for __aeabi_uldivmod
    lpc_rtc.o(.text) refers to lpc_clkpwr.o(.text) for CLKPWR_ConfigPPWR
    lpc_ssp.o(.text) refers to lpc_clkpwr.o(.text) for CLKPWR_GetCLK
    lpc_systick.o(.text) refers to lpc_clkpwr.o(.text) for CLKPWR_GetCLK
    lpc_timer.o(.text) refers to lpc_clkpwr.o(.text) for CLKPWR_GetCLK
    lpc_timer.o(.text) refers to lludivv7m.o(.text) for __aeabi_uldivmod
    lpc_uart.o(.text) refers to lpc_clkpwr.o(.text) for CLKPWR_GetCLK
    lpc_uart.o(.text) refers to llshl.o(.text) for __aeabi_llsl
    lpc_uart.o(.text) refers to lludivv7m.o(.text) for __aeabi_uldivmod
    lpc_uart.o(.text) refers to llushr.o(.text) for __aeabi_llsr
    board.o(.text) refers to irq.o(.text) for rt_interrupt_enter
    board.o(.text) refers to clock.o(.text) for rt_tick_increase
    board.o(.text) refers to drv_uart.o(.text) for rt_hw_uart_init
    board.o(.text) refers to kservice.o(.text) for rt_console_set_device
[...]
    ..\..\libraries\Drivers\source\lpc_uart.c 0x00000000   Number         0  lpc_uart.o ABSOLUTE
    ..\..\libraries\Drivers\source\lpc_wwdt.c 0x00000000   Number         0  lpc_wwdt.o ABSOLUTE
    ..\\..\\drivers\\board.c                 0x00000000   Number         0  board.o ABSOLUTE
    ..\\..\\drivers\\drv_i2c.c               0x00000000   Number         0  drv_i2c.o ABSOLUTE
    ..\\..\\drivers\\drv_key.c               0x00000000   Number         0  drv_key.o ABSOLUTE
    ..\\..\\drivers\\drv_lcd.c               0x00000000   Number         0  drv_lcd.o ABSOLUTE
    ..\\..\\drivers\\drv_led.c               0x00000000   Number         0  drv_led.o ABSOLUTE
    ..\\..\\drivers\\drv_rtc.c               0x00000000   Number         0  drv_rtc.o ABSOLUTE
    ..\\..\\drivers\\drv_sd.c                0x00000000   Number         0  drv_sd.o ABSOLUTE
    ..\\..\\drivers\\drv_sdram.c             0x00000000   Number         0  drv_sdram.o ABSOLUTE
    ..\\..\\drivers\\drv_spi.c               0x00000000   Number         0  drv_spi.o ABSOLUTE
    ..\\..\\drivers\\drv_sram.c              0x00000000   Number         0  drv_sram.o ABSOLUTE
    ..\\..\\drivers\\drv_touch.c             0x00000000   Number         0  drv_touch.o ABSOLUTE
    ..\\..\\drivers\\drv_uart.c              0x00000000   Number         0  drv_uart.o ABSOLUTE
    ..\\..\\libraries\\Device\\NXP\\LPC407x_8x_177x_8x\\Source\\Templates\\system_LPC407x_8x_177x_8x.c 0x00000000   Number         0  system_lpc407x_8x_177x_8x.o ABSOLUTE
    ..\\..\\libraries\\Drivers\\source\\lpc_adc.c 0x00000000   Number         0  lpc_adc.o ABSOLUTE
    ..\\..\\libraries\\Drivers\\source\\lpc_bod.c 0x00000000   Number         0  lpc_bod.o ABSOLUTE
    ..\\..\\libraries\\Drivers\\source\\lpc_can.c 0x00000000   Number         0  lpc_can.o ABSOLUTE
    ..\\..\\libraries\\Drivers\\source\\lpc_clkpwr.c 0x00000000   Number         0  lpc_clkpwr.o ABSOLUTE
    ..\\..\\libraries\\Drivers\\source\\lpc_crc.c 0x00000000   Number         0  lpc_crc.o ABSOLUTE
    ..\\..\\libraries\\Drivers\\source\\lpc_dac.c 0x00000000   Number         0  lpc_dac.o ABSOLUTE
    ..\\..\\libraries\\Drivers\\source\\lpc_eeprom.c 0x00000000   Number         0  lpc_eeprom.o ABSOLUTE
    ..\\..\\libraries\\Drivers\\source\\lpc_emc.c 0x00000000   Number         0  lpc_emc.o ABSOLUTE
    ..\\..\\libraries\\Drivers\\source\\lpc_exti.c 0x00000000   Number         0  lpc_exti.o ABSOLUTE
    ..\\..\\libraries\\Drivers\\source\\lpc_gpdma.c 0x00000000   Number         0  lpc_gpdma.o ABSOLUTE
    ..\\..\\libraries\\Drivers\\source\\lpc_gpio.c 0x00000000   Number         0  lpc_gpio.o ABSOLUTE
    ..\\..\\libraries\\Drivers\\source\\lpc_i2c.c 0x00000000   Number         0  lpc_i2c.o ABSOLUTE
    ..\\..\\libraries\\Drivers\\source\\lpc_i2s.c 0x00000000   Number         0  lpc_i2s.o ABSOLUTE
    ..\\..\\libraries\\Drivers\\source\\lpc_iap.c 0x00000000   Number         0  lpc_iap.o ABSOLUTE
    ..\\..\\libraries\\Drivers\\source\\lpc_lcd.c 0x00000000   Number         0  lpc_lcd.o ABSOLUTE
    ..\\..\\libraries\\Drivers\\source\\lpc_mcpwm.c 0x00000000   Number         0  lpc_mcpwm.o ABSOLUTE
    ..\\..\\libraries\\Drivers\\source\\lpc_nvic.c 0x00000000   Number         0  lpc_nvic.o ABSOLUTE
    ..\\..\\libraries\\Drivers\\source\\lpc_pinsel.c 0x00000000   Number         0  lpc_pinsel.o ABSOLUTE
    ..\\..\\libraries\\Drivers\\source\\lpc_pwm.c 0x00000000   Number         0  lpc_pwm.o ABSOLUTE
    ..\\..\\libraries\\Drivers\\source\\lpc_qei.c 0x00000000   Number         0  lpc_qei.o ABSOLUTE
    ..\\..\\libraries\\Drivers\\source\\lpc_rtc.c 0x00000000   Number         0  lpc_rtc.o ABSOLUTE
    ..\\..\\libraries\\Drivers\\source\\lpc_ssp.c 0x00000000   Number         0  lpc_ssp.o ABSOLUTE
    ..\\..\\libraries\\Drivers\\source\\lpc_systick.c 0x00000000   Number         0  lpc_systick.o ABSOLUTE
    ..\\..\\libraries\\Drivers\\source\\lpc_timer.c 0x00000000   Number         0  lpc_timer.o ABSOLUTE
    ..\\..\\libraries\\Drivers\\source\\lpc_uart.c 0x00000000   Number         0  lpc_uart.o ABSOLUTE
    ..\\..\\libraries\\Drivers\\source\\lpc_wwdt.c 0x00000000   Number         0  lpc_wwdt.o ABSOLUTE
    applications\\startup.c                  0x00000000   Number         0  startup.o ABSOLUTE
    applications\application.c               0x00000000   Number         0  application.o ABSOLUTE
    applications\startup.c                   0x00000000   Number         0  startup.o ABSOLUTE
    dc.s                                     0x00000000   Number         0  dc.o ABSOLUTE
    !!!main                                  0x000000e4   Section        8  __main.o(!!!main)
    !!!scatter                               0x000000ec   Section       52  __scatter.o(!!!scatter)
    !!dczerorl2                              0x00000120   Section       90  __dczerorl2.o(!!dczerorl2)
    !!handler_zi                             0x0000017c   Section       28  __scatter_zi.o(!!handler_zi)
    .ARM.Collect$$libinit$$00000000          0x00000198   Section        6  libinit.o(.ARM.Collect$$libinit$$00000000)
    .ARM.Collect$$libinit$$00000006          0x0000019e   Section        0  libinit2.o(.ARM.Collect$$libinit$$00000006)
    .ARM.Collect$$libinit$$00000008          0x0000019e   Section        0  libinit2.o(.ARM.Collect$$libinit$$00000008)
    .ARM.Collect$$libinit$$0000000A          0x0000019e   Section        0  libinit2.o(.ARM.Collect$$libinit$$0000000A)
    .ARM.Collect$$libinit$$0000000D          0x0000019e   Section        0  libinit2.o(.ARM.Collect$$libinit$$0000000D)
    .ARM.Collect$$libinit$$0000000F          0x0000019e   Section        0  libinit2.o(.ARM.Collect$$libinit$$0000000F)
    .ARM.Collect$$libinit$$00000011          0x0000019e   Section        0  libinit2.o(.ARM.Collect$$libinit$$00000011)
    .ARM.Collect$$libinit$$00000013          0x0000019e   Section        0  libinit2.o(.ARM.Collect$$libinit$$00000013)
    .ARM.Collect$$libinit$$00000015          0x0000019e   Section        0  libinit2.o(.ARM.Collect$$libinit$$00000015)
    .ARM.Collect$$libinit$$00000017          0x0000019e   Section        0  libinit2.o(.ARM.Collect$$libinit$$00000017)
    .ARM.Collect$$libinit$$00000019          0x0000019e   Section        0  libinit2.o(.ARM.Collect$$libinit$$00000019)
    .ARM.Collect$$libinit$$0000001B          0x0000019e   Section        0  libinit2.o(.ARM.Collect$$libinit$$0000001B)
    .ARM.Collect$$libinit$$0000001D          0x0000019e   Section        0  libinit2.o(.ARM.Collect$$libinit$$0000001D)
    .ARM.Collect$$libinit$$0000001F          0x0000019e   Section        0  libinit2.o(.ARM.Collect$$libinit$$0000001F)
    .ARM.Collect$$libinit$$00000021          0x0000019e   Section        0  libinit2.o(.ARM.Collect$$libinit$$00000021)
    .ARM.Collect$$libinit$$00000028          0x0000019e   Section        0  libinit2.o(.ARM.Collect$$libinit$$00000028)
    .ARM.Collect$$libinit$$0000002A          0x0000019e   Section        0  libinit2.o(.ARM.Collect$$libinit$$0000002A)
    .ARM.Collect$$libinit$$0000002C          0x0000019e   Section        0  libinit2.o(.ARM.Collect$$libinit$$0000002C)
    .ARM.Collect$$libinit$$0000002E          0x0000019e   Section        0  libinit2.o(.ARM.Collect$$libinit$$0000002E)
    .ARM.Collect$$libinit$$0000002F          0x0000019e   Section        2  libinit2.o(.ARM.Collect$$libinit$$0000002F)
    .ARM.Collect$$libshutdown$$00000000      0x000001a0   Section        2  libshutdown.o(.ARM.Collect$$libshutdown$$00000000)
    .ARM.Collect$$libshutdown$$00000003      0x000001a2   Section        0  libshutdown2.o(.ARM.Collect$$libshutdown$$00000003)
    .ARM.Collect$$libshutdown$$00000006      0x000001a2   Section        0  libshutdown2.o(.ARM.Collect$$libshutdown$$00000006)
    .ARM.Collect$$libshutdown$$00000009      0x000001a2   Section        0  libshutdown2.o(.ARM.Collect$$libshutdown$$00000009)
    .ARM.Collect$$libshutdown$$0000000B      0x000001a2   Section        0  libshutdown2.o(.ARM.Collect$$libshutdown$$0000000B)
    .ARM.Collect$$libshutdown$$0000000E      0x000001a2   Section        0  libshutdown2.o(.ARM.Collect$$libshutdown$$0000000E)
    .ARM.Collect$$libshutdown$$0000000F      0x000001a2   Section        2  libshutdown2.o(.ARM.Collect$$libshutdown$$0000000F)
    .ARM.Collect$$rtentry$$00000000          0x000001a4   Section        0  rtentry.o(.ARM.Collect$$rtentry$$00000000)
    .ARM.Collect$$rtentry$$00000002          0x000001a4   Section        0  rtentry2.o(.ARM.Collect$$rtentry$$00000002)
    .ARM.Collect$$rtentry$$00000004          0x000001a4   Section        6  rtentry4.o(.ARM.Collect$$rtentry$$00000004)
    .ARM.Collect$$rtentry$$00000009          0x000001aa   Section        0  rtentry2.o(.ARM.Collect$$rtentry$$00000009)
    .ARM.Collect$$rtentry$$0000000A          0x000001aa   Section        4  rtentry2.o(.ARM.Collect$$rtentry$$0000000A)
    .ARM.Collect$$rtentry$$0000000C          0x000001ae   Section        0  rtentry2.o(.ARM.Collect$$rtentry$$0000000C)
    .ARM.Collect$$rtentry$$0000000D          0x000001ae   Section        8  rtentry2.o(.ARM.Collect$$rtentry$$0000000D)
    .ARM.Collect$$rtexit$$00000000           0x000001b6   Section        2  rtexit.o(.ARM.Collect$$rtexit$$00000000)
    .ARM.Collect$$rtexit$$00000002           0x000001b8   Section        0  rtexit2.o(.ARM.Collect$$rtexit$$00000002)
    .ARM.Collect$$rtexit$$00000003           0x000001b8   Section        4  rtexit2.o(.ARM.Collect$$rtexit$$00000003)
    .ARM.Collect$$rtexit$$00000004           0x000001bc   Section        6  rtexit2.o(.ARM.Collect$$rtexit$$00000004)
    .text                                    0x000001c4   Section       60  startup_lpc407x_8x_177x_8x.o(.text)
    $v0                                      0x000001c4   Number         0  startup_lpc407x_8x_177x_8x.o(.text)
    .text                                    0x00000200   Section        0  board.o(.text)
    NVIC_SetPriority                         0x00000201   Thumb Code    32  board.o(.text)
    .text                                    0x0000029c   Section        0  application.o(.text)
    .text                                    0x000002ec   Section        0  heapauxi.o(.text)
    .text                                    0x000002f4   Section        8  libspace.o(.text)
    .ARM.__at_0x02FC                         0x000002fc   Section        4  startup_lpc407x_8x_177x_8x.o(.ARM.__at_0x02FC)
    .text                                    0x00000300   Section        0  system_lpc407x_8x_177x_8x.o(.text)
    .text                                    0x00000708   Section        0  lpc_clkpwr.o(.text)
    .text                                    0x00000860   Section        0  lpc_gpdma.o(.text)
    .text                                    0x00000bec   Section        0  lpc_pinsel.o(.text)
    PIN_GetPointer                           0x00000bed   Thumb Code    18  lpc_pinsel.o(.text)
    .text                                    0x0000103c   Section        0  lpc_uart.o(.text)
    uart_get_pointer                         0x0000103d   Thumb Code    34  lpc_uart.o(.text)
    uart_set_divisors                        0x0000105f   Thumb Code   540  lpc_uart.o(.text)
    .text                                    0x00001de8   Section        0  drv_sd.o(.text)
    mci_tx_enable                            0x00001de9   Thumb Code    36  drv_sd.o(.text)
    mci_rx_enable                            0x00001e0d   Thumb Code    36  drv_sd.o(.text)
    mci_get_cardStatus                       0x00001ff1   Thumb Code   120  drv_sd.o(.text)
    mci_check_status                         0x00002069   Thumb Code    74  drv_sd.o(.text)
    mci_set_clock                            0x000021b3   Thumb Code    78  drv_sd.o(.text)
    mci_send_buswidth                        0x0000226f   Thumb Code   100  drv_sd.o(.text)
    mci_set_outputMode                       0x0000232d   Thumb Code    32  drv_sd.o(.text)
    unstuff_bits                             0x00002a51   Thumb Code   142  drv_sd.o(.text)
    swap_buff                                0x00002adf   Thumb Code    34  drv_sd.o(.text)
    mci_read_config                          0x00002b01   Thumb Code   456  drv_sd.o(.text)
    rt_mci_init                              0x00002cc9   Thumb Code   168  drv_sd.o(.text)
    rt_mci_open                              0x00002d71   Thumb Code     6  drv_sd.o(.text)
    rt_mci_close                             0x00002d77   Thumb Code     6  drv_sd.o(.text)
    rt_mci_read                              0x00002d7d   Thumb Code   178  drv_sd.o(.text)
    rt_mci_write                             0x00002e2f   Thumb Code   180  drv_sd.o(.text)
    rt_mci_control                           0x00002ee3   Thumb Code   158  drv_sd.o(.text)
    NVIC_EnableIRQ                           0x000031d5   Thumb Code    24  drv_sd.o(.text)
    .text                                    0x0000322c   Section        0  drv_uart.o(.text)
    NVIC_SetPriority                         0x0000322d   Thumb Code    32  drv_uart.o(.text)
    lpc_configure                            0x0000324d   Thumb Code    78  drv_uart.o(.text)
    lpc_control                              0x0000329b   Thumb Code    76  drv_uart.o(.text)
    lpc_putc                                 0x000032e7   Thumb Code    22  drv_uart.o(.text)
    lpc_getc                                 0x000032fd   Thumb Code    34  drv_uart.o(.text)
    NVIC_EnableIRQ                           0x00003493   Thumb Code    24  drv_uart.o(.text)
    .text                                    0x0000351c   Section        0  startup.o(.text)
    .text                                    0x00003568   Section        0  clock.o(.text)
    .text                                    0x000035cc   Section        0  device.o(.text)
    .text                                    0x000039d4   Section        0  idle.o(.text)
    rt_thread_idle_entry                     0x00003a87   Thumb Code    20  idle.o(.text)
    rt_list_isempty                          0x00003ac1   Thumb Code    16  idle.o(.text)
    .text                                    0x00003b38   Section        0  ipc.o(.text)
    rt_list_insert_before                    0x00003b39   Thumb Code    14  ipc.o(.text)
    rt_ipc_list_suspend                      0x00003b47   Thumb Code   108  ipc.o(.text)
    rt_ipc_list_resume_all                   0x00003bb3   Thumb Code    50  ipc.o(.text)
    rt_list_init                             0x000054f3   Thumb Code     6  ipc.o(.text)
    rt_list_isempty                          0x000054f9   Thumb Code    16  ipc.o(.text)
    rt_ipc_object_init                       0x00005509   Thumb Code    16  ipc.o(.text)
    rt_ipc_list_resume                       0x00005519   Thumb Code    24  ipc.o(.text)
    .text                                    0x00005548   Section        0  irq.o(.text)
    .text                                    0x00005590   Section        0  kservice.o(.text)
    print_number                             0x0000583d   Thumb Code   374  kservice.o(.text)
    skip_atoi                                0x000059b3   Thumb Code    38  kservice.o(.text)
    .text                                    0x00005f44   Section        0  mem.o(.text)
    plug_holes                               0x00005f51   Thumb Code   200  mem.o(.text)
    .text                                    0x00006854   Section        0  object.o(.text)
    rt_list_insert_after                     0x00006855   Thumb Code    14  object.o(.text)
    rt_list_remove                           0x00006863   Thumb Code    18  object.o(.text)
    .text                                    0x00006b84   Section        0  scheduler.o(.text)
    _rt_scheduler_stack_check                0x00006b8b   Thumb Code    90  scheduler.o(.text)
    rt_list_init                             0x00006de1   Thumb Code     6  scheduler.o(.text)
    .text                                    0x00006e9c   Section        0  thread.o(.text)
    rt_list_insert_after                     0x00006e9d   Thumb Code    14  thread.o(.text)
    rt_list_remove                           0x00006eab   Thumb Code    18  thread.o(.text)
    rt_thread_exit                           0x00006ebd   Thumb Code    76  thread.o(.text)
    _rt_thread_init                          0x00006f63   Thumb Code   174  thread.o(.text)
    .text                                    0x00007544   Section        0  timer.o(.text)
    rt_list_insert_after                     0x00007545   Thumb Code    14  timer.o(.text)
    _rt_timer_init                           0x00007559   Thumb Code    66  timer.o(.text)
    rt_timer_list_next_timeout               0x0000759b   Thumb Code    28  timer.o(.text)
    _rt_timer_remove                         0x000075b7   Thumb Code    46  timer.o(.text)
    rt_timer_count_height                    0x000075e5   Thumb Code    36  timer.o(.text)
    rt_list_init                             0x00007a79   Thumb Code     6  timer.o(.text)
    rt_list_isempty                          0x00007a7f   Thumb Code    16  timer.o(.text)
    .text                                    0x00007a98   Section        0  cpuport.o(.text)
    .text                                    0x00007c44   Section      272  context_rvds.o(.text)
    $v0                                      0x00007c44   Number         0  context_rvds.o(.text)
    .text                                    0x00007d54   Section        0  serial.o(.text)
    rt_serial_init                           0x00007d55   Thumb Code   144  serial.o(.text)
    rt_serial_open                           0x00007de5   Thumb Code    78  serial.o(.text)
    rt_serial_close                          0x00007e33   Thumb Code    76  serial.o(.text)
    rt_serial_read                           0x00007e7f   Thumb Code   190  serial.o(.text)
    rt_serial_write                          0x00007f3d   Thumb Code   334  serial.o(.text)
    rt_serial_control                        0x0000808b   Thumb Code    96  serial.o(.text)
    .text                                    0x00008320   Section        0  dataqueue.o(.text)
    rt_list_insert_before                    0x00008321   Thumb Code    14  dataqueue.o(.text)
    rt_list_init                             0x000087c3   Thumb Code     6  dataqueue.o(.text)
    rt_list_isempty                          0x000087c9   Thumb Code    16  dataqueue.o(.text)
    .text                                    0x000087d8   Section      238  lludivv7m.o(.text)
    .text                                    0x000088c6   Section       38  llshl.o(.text)
    .text                                    0x000088ec   Section       38  llushr.o(.text)
    .text                                    0x00008912   Section       74  sys_stackheap_outer.o(.text)
    .text                                    0x0000895c   Section        0  exit.o(.text)
    .text                                    0x00008968   Section        0  sys_exit.o(.text)
    .text                                    0x00008974   Section        2  use_no_semi.o(.text)
    .text                                    0x00008976   Section        0  indicate_semi.o(.text)
    x$fpl$fpinit                             0x00008976   Section       10  fpinit.o(x$fpl$fpinit)
    $v0                                      0x00008976   Number         0  fpinit.o(x$fpl$fpinit)
    .constdata                               0x00008980   Section       64  lpc_gpdma.o(.constdata)
    .constdata                               0x000089c0   Section       15  drv_sd.o(.constdata)
    __FUNCTION__                             0x000089c0   Data          15  drv_sd.o(.constdata)
    .constdata                               0x000089d0   Section       46  drv_uart.o(.constdata)
    lpc_uart_ops                             0x000089d0   Data          20  drv_uart.o(.constdata)
    __FUNCTION__                             0x000089e4   Data          14  drv_uart.o(.constdata)
    __FUNCTION__                             0x000089f2   Data          12  drv_uart.o(.constdata)
    .constdata                               0x000089fe   Section      168  device.o(.constdata)
    __FUNCTION__                             0x000089fe   Data          21  device.o(.constdata)
    __FUNCTION__                             0x00008a13   Data          15  device.o(.constdata)
    __FUNCTION__                             0x00008a22   Data          15  device.o(.constdata)
    __FUNCTION__                             0x00008a31   Data          16  device.o(.constdata)
    __FUNCTION__                             0x00008a41   Data          15  device.o(.constdata)
    __FUNCTION__                             0x00008a50   Data          16  device.o(.constdata)
    __FUNCTION__                             0x00008a60   Data          18  device.o(.constdata)
    __FUNCTION__                             0x00008a72   Data          26  device.o(.constdata)
    __FUNCTION__                             0x00008a8c   Data          26  device.o(.constdata)
    .constdata                               0x00008aa6   Section       22  idle.o(.constdata)
    __FUNCTION__                             0x00008aa6   Data          22  idle.o(.constdata)
    .constdata                               0x00008abc   Section      471  ipc.o(.constdata)
    __FUNCTION__                             0x00008abc   Data          12  ipc.o(.constdata)
    __FUNCTION__                             0x00008ac8   Data          14  ipc.o(.constdata)
    __FUNCTION__                             0x00008ad6   Data          14  ipc.o(.constdata)
    __FUNCTION__                             0x00008ae4   Data          14  ipc.o(.constdata)
    __FUNCTION__                             0x00008af2   Data          12  ipc.o(.constdata)
    __FUNCTION__                             0x00008afe   Data          15  ipc.o(.constdata)
    __FUNCTION__                             0x00008b0d   Data          14  ipc.o(.constdata)
    __FUNCTION__                             0x00008b1b   Data          16  ipc.o(.constdata)
    __FUNCTION__                             0x00008b2b   Data          16  ipc.o(.constdata)
    __FUNCTION__                             0x00008b3b   Data          16  ipc.o(.constdata)
    __FUNCTION__                             0x00008b4b   Data          14  ipc.o(.constdata)
    __FUNCTION__                             0x00008b59   Data          17  ipc.o(.constdata)
    __FUNCTION__                             0x00008b6a   Data          14  ipc.o(.constdata)
    __FUNCTION__                             0x00008b78   Data          16  ipc.o(.constdata)
    __FUNCTION__                             0x00008b88   Data          16  ipc.o(.constdata)
    __FUNCTION__                             0x00008b98   Data          16  ipc.o(.constdata)
    __FUNCTION__                             0x00008ba8   Data          14  ipc.o(.constdata)
    __FUNCTION__                             0x00008bb6   Data          14  ipc.o(.constdata)
    __FUNCTION__                             0x00008bc4   Data          17  ipc.o(.constdata)
    __FUNCTION__                             0x00008bd5   Data          11  ipc.o(.constdata)
    __FUNCTION__                             0x00008be0   Data          13  ipc.o(.constdata)
    __FUNCTION__                             0x00008bed   Data          13  ipc.o(.constdata)
    __FUNCTION__                             0x00008bfa   Data          13  ipc.o(.constdata)
    __FUNCTION__                             0x00008c07   Data          16  ipc.o(.constdata)
    __FUNCTION__                             0x00008c17   Data          11  ipc.o(.constdata)
    __FUNCTION__                             0x00008c22   Data          14  ipc.o(.constdata)
    __FUNCTION__                             0x00008c30   Data          11  ipc.o(.constdata)
    __FUNCTION__                             0x00008c3b   Data          13  ipc.o(.constdata)
    __FUNCTION__                             0x00008c48   Data          13  ipc.o(.constdata)
    __FUNCTION__                             0x00008c55   Data          13  ipc.o(.constdata)
    __FUNCTION__                             0x00008c62   Data          11  ipc.o(.constdata)
    __FUNCTION__                             0x00008c6d   Data          13  ipc.o(.constdata)
    __FUNCTION__                             0x00008c7a   Data          11  ipc.o(.constdata)
    __FUNCTION__                             0x00008c85   Data          14  ipc.o(.constdata)
    .constdata                               0x00008c93   Section      290  kservice.o(.constdata)
    small_digits                             0x00008d93   Data          17  kservice.o(.constdata)
    large_digits                             0x00008da4   Data          17  kservice.o(.constdata)
    .constdata                               0x00008db8   Section      312  mem.o(.constdata)
    __FUNCTION__                             0x00008db8   Data          11  mem.o(.constdata)
    __FUNCTION__                             0x00008dc3   Data          20  mem.o(.constdata)
    __FUNCTION__                             0x00008dd7   Data          10  mem.o(.constdata)
    __FUNCTION__                             0x00008de1   Data          11  mem.o(.constdata)
    __FUNCTION__                             0x00008dec   Data          10  mem.o(.constdata)
    __FUNCTION__                             0x00008df6   Data           8  mem.o(.constdata)
    .constdata                               0x00008ef0   Section       94  object.o(.constdata)
    __FUNCTION__                             0x00008ef0   Data          17  object.o(.constdata)
    __FUNCTION__                             0x00008f01   Data          19  object.o(.constdata)
    __FUNCTION__                             0x00008f14   Data          17  object.o(.constdata)
    __FUNCTION__                             0x00008f25   Data          26  object.o(.constdata)
    __FUNCTION__                             0x00008f3f   Data          15  object.o(.constdata)
    .constdata                               0x00008f4e   Section       78  scheduler.o(.constdata)
    __FUNCTION__                             0x00008f4e   Data          26  scheduler.o(.constdata)
    __FUNCTION__                             0x00008f68   Data          26  scheduler.o(.constdata)
    __FUNCTION__                             0x00008f82   Data          26  scheduler.o(.constdata)
    .constdata                               0x00008f9c   Section      170  thread.o(.constdata)
    __FUNCTION__                             0x00008f9c   Data          16  thread.o(.constdata)
    __FUNCTION__                             0x00008fac   Data          15  thread.o(.constdata)
    __FUNCTION__                             0x00008fbb   Data          18  thread.o(.constdata)
    __FUNCTION__                             0x00008fcd   Data          17  thread.o(.constdata)
    __FUNCTION__                             0x00008fde   Data          17  thread.o(.constdata)
    __FUNCTION__                             0x00008fef   Data          16  thread.o(.constdata)
    __FUNCTION__                             0x00008fff   Data          18  thread.o(.constdata)
    __FUNCTION__                             0x00009011   Data          18  thread.o(.constdata)
    __FUNCTION__                             0x00009023   Data          17  thread.o(.constdata)
    __FUNCTION__                             0x00009034   Data          18  thread.o(.constdata)
    .constdata                               0x00009046   Section       92  timer.o(.constdata)
    __FUNCTION__                             0x00009046   Data          14  timer.o(.constdata)
    __FUNCTION__                             0x00009054   Data          16  timer.o(.constdata)
    __FUNCTION__                             0x00009064   Data          16  timer.o(.constdata)
    __FUNCTION__                             0x00009074   Data          15  timer.o(.constdata)
    __FUNCTION__                             0x00009083   Data          14  timer.o(.constdata)
    __FUNCTION__                             0x00009091   Data          17  timer.o(.constdata)
    .constdata                               0x000090a2   Section       19  cpuport.o(.constdata)
    __FUNCTION__                             0x000090a2   Data          19  cpuport.o(.constdata)
    .constdata                               0x000090b5   Section      134  serial.o(.constdata)
    __FUNCTION__                             0x000090b5   Data          15  serial.o(.constdata)
    __FUNCTION__                             0x000090c4   Data          15  serial.o(.constdata)
    __FUNCTION__                             0x000090d3   Data          16  serial.o(.constdata)
    __FUNCTION__                             0x000090e3   Data          15  serial.o(.constdata)
    __FUNCTION__                             0x000090f2   Data          16  serial.o(.constdata)
    __FUNCTION__                             0x00009102   Data          18  serial.o(.constdata)
    __FUNCTION__                             0x00009114   Data          22  serial.o(.constdata)
    __FUNCTION__                             0x0000912a   Data          17  serial.o(.constdata)
    .constdata                               0x0000913b   Section       75  dataqueue.o(.constdata)
    __FUNCTION__                             0x0000913b   Data          19  dataqueue.o(.constdata)
    __FUNCTION__                             0x0000914e   Data          19  dataqueue.o(.constdata)
    __FUNCTION__                             0x00009161   Data          18  dataqueue.o(.constdata)
    __FUNCTION__                             0x00009173   Data          19  dataqueue.o(.constdata)
    .data                                    0x10000000   Section       16  system_lpc407x_8x_177x_8x.o(.data)
    .data                                    0x10000010   Section      160  lpc_gpdma.o(.data)
    .data                                    0x100000b0   Section       33  drv_sd.o(.data)
    _mci_device                              0x100000c8   Data           4  drv_sd.o(.data)
    .data                                    0x100000d1   Section        4  drv_uart.o(.data)
    .data                                    0x100000d8   Section        4  clock.o(.data)
    rt_tick                                  0x100000d8   Data           4  clock.o(.data)
    .data                                    0x100000dc   Section        4  idle.o(.data)
    rt_thread_idle_hook                      0x100000dc   Data           4  idle.o(.data)
    .data                                    0x100000e0   Section        1  irq.o(.data)
    .data                                    0x100000e4   Section        8  kservice.o(.data)
    _console_device                          0x100000e4   Data           4  kservice.o(.data)
    _errno                                   0x100000e8   Data           4  kservice.o(.data)
    .data                                    0x100000ec   Section       32  mem.o(.data)
    rt_malloc_hook                           0x100000ec   Data           4  mem.o(.data)
    rt_free_hook                             0x100000f0   Data           4  mem.o(.data)
    heap_ptr                                 0x100000f4   Data           4  mem.o(.data)
    heap_end                                 0x100000f8   Data           4  mem.o(.data)
    lfree                                    0x100000fc   Data           4  mem.o(.data)
    mem_size_aligned                         0x10000100   Data           4  mem.o(.data)
    used_mem                                 0x10000104   Data           4  mem.o(.data)
    max_mem                                  0x10000108   Data           4  mem.o(.data)
    .data                                    0x1000010c   Section      180  object.o(.data)
    rt_object_attach_hook                    0x100001ac   Data           4  object.o(.data)
    rt_object_detach_hook                    0x100001b0   Data           4  object.o(.data)
    .data                                    0x100001c0   Section       28  scheduler.o(.data)
    rt_scheduler_lock_nest                   0x100001c0   Data           2  scheduler.o(.data)
    rt_scheduler_hook                        0x100001d8   Data           4  scheduler.o(.data)
    .data                                    0x100001dc   Section       16  timer.o(.data)
    random_nr                                0x100001dc   Data           4  timer.o(.data)
    rt_timer_list                            0x100001e0   Data           8  timer.o(.data)
    rt_timer_timeout_hook                    0x100001e8   Data           4  timer.o(.data)
    .data                                    0x100001ec   Section       16  cpuport.o(.data)
    rt_exception_hook                        0x100001ec   Data           4  cpuport.o(.data)
    .bss                                     0x100001fc   Section      376  drv_uart.o(.bss)
    .bss                                     0x10000374   Section      376  idle.o(.bss)
    idle                                     0x10000374   Data         120  idle.o(.bss)
    rt_thread_stack                          0x100003ec   Data         256  idle.o(.bss)
    .bss                                     0x100004ec   Section      128  kservice.o(.bss)
    rt_log_buf                               0x100004ec   Data         128  kservice.o(.bss)
    .bss                                     0x1000056c   Section       28  mem.o(.bss)
    heap_sem                                 0x1000056c   Data          28  mem.o(.bss)
    .bss                                     0x10000588   Section      256  scheduler.o(.bss)
    .bss                                     0x10000688   Section       96  libspace.o(.bss)
    HEAP                                     0x100006e8   Section        0  startup_lpc407x_8x_177x_8x.o(HEAP)
    STACK                                    0x100006e8   Section     1024  startup_lpc407x_8x_177x_8x.o(STACK)
    Heap_Mem                                 0x100006e8   Data           0  startup_lpc407x_8x_177x_8x.o(HEAP)
    Stack_Mem                                0x100006e8   Data        1024  startup_lpc407x_8x_177x_8x.o(STACK)
    __initial_sp                             0x10000ae8   Data           0  startup_lpc407x_8x_177x_8x.o(STACK)

    Global Symbols

    Symbol Name                              Value     Ov Type        Size  Object(Section)

    BuildAttributes$$THM_ISAv4$E$P$D$K$B$S$7EM$VFPi3$EXTD16$VFPS$VFMA$PE$A:L22UL41UL21$X:L11$S22US41US21$IEEE1$IW$USESV6$~STKCKD$USESV7$~SHL$OSPACE$ROPI$EBA8$UX$STANDARDLIB$REQ8$PRES8$EABIv2 0x00000000   Number         0  anon$$obj.o ABSOLUTE
    __ARM_use_no_argv                        0x00000000   Number         0  startup.o ABSOLUTE
    __Vectors                                0x00000000   Data           4  startup_lpc407x_8x_177x_8x.o(RESET)
    __ARM_exceptions_init                     - Undefined Weak Reference
    __alloca_initialize                       - Undefined Weak Reference
    __cpp_initialize__aeabi_                  - Undefined Weak Reference
    __cxa_finalize                            - Undefined Weak Reference
    __rt_locale                               - Undefined Weak Reference
    __sigvec_lookup                           - Undefined Weak Reference
    _atexit_init                              - Undefined Weak Reference
    _call_atexit_fns                          - Undefined Weak Reference
    _clock_init                               - Undefined Weak Reference
    _fp_trap_init                             - Undefined Weak Reference
    _fp_trap_shutdown                         - Undefined Weak Reference
    _get_lc_collate                           - Undefined Weak Reference
    _get_lc_ctype                             - Undefined Weak Reference
    _get_lc_monetary                          - Undefined Weak Reference
    _get_lc_numeric                           - Undefined Weak Reference
    _get_lc_time                              - Undefined Weak Reference
    _getenv_init                              - Undefined Weak Reference
    _handle_redirection                       - Undefined Weak Reference
    _init_alloc                               - Undefined Weak Reference
    _init_user_alloc                          - Undefined Weak Reference
    _initio                                   - Undefined Weak Reference
    _rand_init                                - Undefined Weak Reference
    _signal_finish                            - Undefined Weak Reference
    _signal_init                              - Undefined Weak Reference
    _terminate_alloc                          - Undefined Weak Reference
    _terminate_user_alloc                     - Undefined Weak Reference
    _terminateio                              - Undefined Weak Reference
    __main                                   0x000000e5   Thumb Code     8  __main.o(!!!main)
    __scatterload                            0x000000ed   Thumb Code     0  __scatter.o(!!!scatter)
    __scatterload_rt2                        0x000000ed   Thumb Code    44  __scatter.o(!!!scatter)
    __scatterload_rt2_thumb_only             0x000000ed   Thumb Code     0  __scatter.o(!!!scatter)
    __scatterload_null                       0x000000fb   Thumb Code     0  __scatter.o(!!!scatter)
    __decompress                             0x00000121   Thumb Code    90  __dczerorl2.o(!!dczerorl2)
    __decompress1                            0x00000121   Thumb Code     0  __dczerorl2.o(!!dczerorl2)
    __scatterload_zeroinit                   0x0000017d   Thumb Code    28  __scatter_zi.o(!!handler_zi)
    __rt_lib_init                            0x00000199   Thumb Code     0  libinit.o(.ARM.Collect$$libinit$$00000000)
    __rt_lib_init_alloca_1                   0x0000019f   Thumb Code     0  libinit2.o(.ARM.Collect$$libinit$$0000002A)
    __rt_lib_init_argv_1                     0x0000019f   Thumb Code     0  libinit2.o(.ARM.Collect$$libinit$$00000028)
    __rt_lib_init_atexit_1                   0x0000019f   Thumb Code     0  libinit2.o(.ARM.Collect$$libinit$$00000017)
    __rt_lib_init_clock_1                    0x0000019f   Thumb Code     0  libinit2.o(.ARM.Collect$$libinit$$0000001D)
    __rt_lib_init_cpp_1                      0x0000019f   Thumb Code     0  libinit2.o(.ARM.Collect$$libinit$$0000002E)
    __rt_lib_init_exceptions_1               0x0000019f   Thumb Code     0  libinit2.o(.ARM.Collect$$libinit$$0000002C)
    __rt_lib_init_fp_trap_1                  0x0000019f   Thumb Code     0  libinit2.o(.ARM.Collect$$libinit$$0000001B)
    __rt_lib_init_getenv_1                   0x0000019f   Thumb Code     0  libinit2.o(.ARM.Collect$$libinit$$0000001F)
    __rt_lib_init_heap_1                     0x0000019f   Thumb Code     0  libinit2.o(.ARM.Collect$$libinit$$00000006)
    __rt_lib_init_lc_collate_1               0x0000019f   Thumb Code     0  libinit2.o(.ARM.Collect$$libinit$$0000000D)
    __rt_lib_init_lc_ctype_1                 0x0000019f   Thumb Code     0  libinit2.o(.ARM.Collect$$libinit$$0000000F)
    __rt_lib_init_lc_monetary_1              0x0000019f   Thumb Code     0  libinit2.o(.ARM.Collect$$libinit$$00000011)
    __rt_lib_init_lc_numeric_1               0x0000019f   Thumb Code     0  libinit2.o(.ARM.Collect$$libinit$$00000013)
    __rt_lib_init_lc_time_1                  0x0000019f   Thumb Code     0  libinit2.o(.ARM.Collect$$libinit$$00000015)
    __rt_lib_init_rand_1                     0x0000019f   Thumb Code     0  libinit2.o(.ARM.Collect$$libinit$$0000000A)
    __rt_lib_init_return                     0x0000019f   Thumb Code     0  libinit2.o(.ARM.Collect$$libinit$$0000002F)
    __rt_lib_init_signal_1                   0x0000019f   Thumb Code     0  libinit2.o(.ARM.Collect$$libinit$$00000019)
    __rt_lib_init_stdio_1                    0x0000019f   Thumb Code     0  libinit2.o(.ARM.Collect$$libinit$$00000021)
    __rt_lib_init_user_alloc_1               0x0000019f   Thumb Code     0  libinit2.o(.ARM.Collect$$libinit$$00000008)
    __rt_lib_shutdown                        0x000001a1   Thumb Code     0  libshutdown.o(.ARM.Collect$$libshutdown$$00000000)
    __rt_lib_shutdown_fp_trap_1              0x000001a3   Thumb Code     0  libshutdown2.o(.ARM.Collect$$libshutdown$$00000006)
    __rt_lib_shutdown_heap_1                 0x000001a3   Thumb Code     0  libshutdown2.o(.ARM.Collect$$libshutdown$$0000000E)
    __rt_lib_shutdown_return                 0x000001a3   Thumb Code     0  libshutdown2.o(.ARM.Collect$$libshutdown$$0000000F)
    __rt_lib_shutdown_signal_1               0x000001a3   Thumb Code     0  libshutdown2.o(.ARM.Collect$$libshutdown$$00000009)
    __rt_lib_shutdown_stdio_1                0x000001a3   Thumb Code     0  libshutdown2.o(.ARM.Collect$$libshutdown$$00000003)
    __rt_lib_shutdown_user_alloc_1           0x000001a3   Thumb Code     0  libshutdown2.o(.ARM.Collect$$libshutdown$$0000000B)
    __rt_entry                               0x000001a5   Thumb Code     0  rtentry.o(.ARM.Collect$$rtentry$$00000000)
    __rt_entry_presh_1                       0x000001a5   Thumb Code     0  rtentry2.o(.ARM.Collect$$rtentry$$00000002)
    __rt_entry_sh                            0x000001a5   Thumb Code     0  rtentry4.o(.ARM.Collect$$rtentry$$00000004)
    __rt_entry_li                            0x000001ab   Thumb Code     0  rtentry2.o(.ARM.Collect$$rtentry$$0000000A)
    __rt_entry_postsh_1                      0x000001ab   Thumb Code     0  rtentry2.o(.ARM.Collect$$rtentry$$00000009)
    __rt_entry_main                          0x000001af   Thumb Code     0  rtentry2.o(.ARM.Collect$$rtentry$$0000000D)
    __rt_entry_postli_1                      0x000001af   Thumb Code     0  rtentry2.o(.ARM.Collect$$rtentry$$0000000C)
    __rt_exit                                0x000001b7   Thumb Code     0  rtexit.o(.ARM.Collect$$rtexit$$00000000)
    __rt_exit_ls                             0x000001b9   Thumb Code     0  rtexit2.o(.ARM.Collect$$rtexit$$00000003)
    __rt_exit_prels_1                        0x000001b9   Thumb Code     0  rtexit2.o(.ARM.Collect$$rtexit$$00000002)
    __rt_exit_exit                           0x000001bd   Thumb Code     0  rtexit2.o(.ARM.Collect$$rtexit$$00000004)
    Reset_Handler                            0x000001c5   Thumb Code     8  startup_lpc407x_8x_177x_8x.o(.text)
    NMI_Handler                              0x000001cd   Thumb Code     2  startup_lpc407x_8x_177x_8x.o(.text)
    MemManage_Handler                        0x000001d1   Thumb Code     2  startup_lpc407x_8x_177x_8x.o(.text)
    BusFault_Handler                         0x000001d3   Thumb Code     2  startup_lpc407x_8x_177x_8x.o(.text)
    UsageFault_Handler                       0x000001d5   Thumb Code     2  startup_lpc407x_8x_177x_8x.o(.text)
    SVC_Handler                              0x000001d7   Thumb Code     2  startup_lpc407x_8x_177x_8x.o(.text)
    DebugMon_Handler                         0x000001d9   Thumb Code     2  startup_lpc407x_8x_177x_8x.o(.text)
    ADC_IRQHandler                           0x000001df   Thumb Code     0  startup_lpc407x_8x_177x_8x.o(.text)
    BOD_IRQHandler                           0x000001df   Thumb Code     0  startup_lpc407x_8x_177x_8x.o(.text)
    CANActivity_IRQHandler                   0x000001df   Thumb Code     0  startup_lpc407x_8x_177x_8x.o(.text)
    CAN_IRQHandler                           0x000001df   Thumb Code     0  startup_lpc407x_8x_177x_8x.o(.text)
    EEPROM_IRQHandler                        0x000001df   Thumb Code     0  startup_lpc407x_8x_177x_8x.o(.text)
    EINT0_IRQHandler                         0x000001df   Thumb Code     0  startup_lpc407x_8x_177x_8x.o(.text)
    EINT1_IRQHandler                         0x000001df   Thumb Code     0  startup_lpc407x_8x_177x_8x.o(.text)
    EINT2_IRQHandler                         0x000001df   Thumb Code     0  startup_lpc407x_8x_177x_8x.o(.text)
    EINT3_IRQHandler                         0x000001df   Thumb Code     0  startup_lpc407x_8x_177x_8x.o(.text)
    ENET_IRQHandler                          0x000001df   Thumb Code     0  startup_lpc407x_8x_177x_8x.o(.text)
    GPIO_IRQHandler                          0x000001df   Thumb Code     0  startup_lpc407x_8x_177x_8x.o(.text)
    I2C0_IRQHandler                          0x000001df   Thumb Code     0  startup_lpc407x_8x_177x_8x.o(.text)
    I2C1_IRQHandler                          0x000001df   Thumb Code     0  startup_lpc407x_8x_177x_8x.o(.text)
    I2C2_IRQHandler                          0x000001df   Thumb Code     0  startup_lpc407x_8x_177x_8x.o(.text)
    I2S_IRQHandler                           0x000001df   Thumb Code     0  startup_lpc407x_8x_177x_8x.o(.text)
    LCD_IRQHandler                           0x000001df   Thumb Code     0  startup_lpc407x_8x_177x_8x.o(.text)
    MCPWM_IRQHandler                         0x000001df   Thumb Code     0  startup_lpc407x_8x_177x_8x.o(.text)
    PLL0_IRQHandler                          0x000001df   Thumb Code     0  startup_lpc407x_8x_177x_8x.o(.text)
    PLL1_IRQHandler                          0x000001df   Thumb Code     0  startup_lpc407x_8x_177x_8x.o(.text)
    PWM0_IRQHandler                          0x000001df   Thumb Code     0  startup_lpc407x_8x_177x_8x.o(.text)
    PWM1_IRQHandler                          0x000001df   Thumb Code     0  startup_lpc407x_8x_177x_8x.o(.text)
    QEI_IRQHandler                           0x000001df   Thumb Code     0  startup_lpc407x_8x_177x_8x.o(.text)
    RTC_IRQHandler                           0x000001df   Thumb Code     0  startup_lpc407x_8x_177x_8x.o(.text)
    SSP0_IRQHandler                          0x000001df   Thumb Code     0  startup_lpc407x_8x_177x_8x.o(.text)
    SSP1_IRQHandler                          0x000001df   Thumb Code     0  startup_lpc407x_8x_177x_8x.o(.text)
    SSP2_IRQHandler                          0x000001df   Thumb Code     0  startup_lpc407x_8x_177x_8x.o(.text)
    TIMER0_IRQHandler                        0x000001df   Thumb Code     0  startup_lpc407x_8x_177x_8x.o(.text)
    TIMER1_IRQHandler                        0x000001df   Thumb Code     0  startup_lpc407x_8x_177x_8x.o(.text)
    TIMER2_IRQHandler                        0x000001df   Thumb Code     0  startup_lpc407x_8x_177x_8x.o(.text)
    TIMER3_IRQHandler                        0x000001df   Thumb Code     0  startup_lpc407x_8x_177x_8x.o(.text)
    UART1_IRQHandler                         0x000001df   Thumb Code     0  startup_lpc407x_8x_177x_8x.o(.text)
    UART3_IRQHandler                         0x000001df   Thumb Code     0  startup_lpc407x_8x_177x_8x.o(.text)
    UART4_IRQHandler                         0x000001df   Thumb Code     0  startup_lpc407x_8x_177x_8x.o(.text)
    USBActivity_IRQHandler                   0x000001df   Thumb Code     0  startup_lpc407x_8x_177x_8x.o(.text)
    USB_IRQHandler                           0x000001df   Thumb Code     0  startup_lpc407x_8x_177x_8x.o(.text)
    WDT_IRQHandler                           0x000001df   Thumb Code     0  startup_lpc407x_8x_177x_8x.o(.text)
    __user_initial_stackheap                 0x000001e1   Thumb Code     0  startup_lpc407x_8x_177x_8x.o(.text)
    SysTick_Handler                          0x00000221   Thumb Code    16  board.o(.text)
    rt_hw_board_init                         0x00000231   Thumb Code    88  board.o(.text)
    rt_init_thread_entry                     0x0000029d   Thumb Code    12  application.o(.text)
    rt_application_init                      0x000002a9   Thumb Code    40  application.o(.text)
    __use_two_region_memory                  0x000002ed   Thumb Code     2  heapauxi.o(.text)
    __rt_heap_escrow$2region                 0x000002ef   Thumb Code     2  heapauxi.o(.text)
    __rt_heap_expand$2region                 0x000002f1   Thumb Code     2  heapauxi.o(.text)
    __user_libspace                          0x000002f5   Thumb Code     8  libspace.o(.text)
    __user_perproc_libspace                  0x000002f5   Thumb Code     0  libspace.o(.text)
    __user_perthread_libspace                0x000002f5   Thumb Code     0  libspace.o(.text)
    SystemCoreClockUpdate                    0x00000301   Thumb Code   664  system_lpc407x_8x_177x_8x.o(.text)
    fpu_init                                 0x00000599   Thumb Code    54  system_lpc407x_8x_177x_8x.o(.text)
    SystemInit                               0x000005cf   Thumb Code   210  system_lpc407x_8x_177x_8x.o(.text)
    CLKPWR_SetCLKDiv                         0x00000709   Thumb Code   154  lpc_clkpwr.o(.text)
    CLKPWR_GetCLK                            0x000007a3   Thumb Code    46  lpc_clkpwr.o(.text)
    CLKPWR_ConfigPPWR                        0x000007d1   Thumb Code    38  lpc_clkpwr.o(.text)
    CLKPWR_Sleep                             0x000007f7   Thumb Code    10  lpc_clkpwr.o(.text)
    CLKPWR_DeepSleep                         0x00000801   Thumb Code    16  lpc_clkpwr.o(.text)
    CLKPWR_PowerDown                         0x00000811   Thumb Code    16  lpc_clkpwr.o(.text)
    CLKPWR_DeepPowerDown                     0x00000821   Thumb Code    16  lpc_clkpwr.o(.text)
    GPDMA_Init                               0x00000861   Thumb Code    58  lpc_gpdma.o(.text)
    GPDMA_Setup                              0x0000089b   Thumb Code   592  lpc_gpdma.o(.text)
    GPDMA_ChannelCmd                         0x00000aeb   Thumb Code    32  lpc_gpdma.o(.text)
    GPDMA_IntGetStatus                       0x00000b0b   Thumb Code   148  lpc_gpdma.o(.text)
    GPDMA_ClearIntPending                    0x00000b9f   Thumb Code    26  lpc_gpdma.o(.text)
    PINSEL_GetPinType                        0x00000bff   Thumb Code   164  lpc_pinsel.o(.text)
    PINSEL_ConfigPin                         0x00000ca3   Thumb Code    64  lpc_pinsel.o(.text)
    PINSEL_SetPinMode                        0x00000ce3   Thumb Code    82  lpc_pinsel.o(.text)
    PINSEL_SetHysMode                        0x00000d35   Thumb Code    78  lpc_pinsel.o(.text)
    PINSEL_SetInvertInput                    0x00000d83   Thumb Code    76  lpc_pinsel.o(.text)
    PINSEL_SetSlewMode                       0x00000dcf   Thumb Code    78  lpc_pinsel.o(.text)
    PINSEL_SetI2CFilter                      0x00000e1d   Thumb Code    76  lpc_pinsel.o(.text)
    PINSEL_SetI2CMode                        0x00000e69   Thumb Code   136  lpc_pinsel.o(.text)
    PINSEL_SetOpenDrainMode                  0x00000ef1   Thumb Code    82  lpc_pinsel.o(.text)
    PINSEL_SetAnalogPinMode                  0x00000f43   Thumb Code    76  lpc_pinsel.o(.text)
    PINSEL_DacEnable                         0x00000f8f   Thumb Code    90  lpc_pinsel.o(.text)
    PINSEL_SetFilter                         0x00000fe9   Thumb Code    80  lpc_pinsel.o(.text)
    UART_Init                                0x0000127b   Thumb Code   550  lpc_uart.o(.text)
    UART_TxCmd                               0x000014a1   Thumb Code   128  lpc_uart.o(.text)
    UART_DeInit                              0x00001521   Thumb Code    82  lpc_uart.o(.text)
    UART_ConfigStructInit                    0x00001573   Thumb Code    18  lpc_uart.o(.text)
    UART_SendByte                            0x00001585   Thumb Code    48  lpc_uart.o(.text)
    UART_ReceiveByte                         0x000015b5   Thumb Code    52  lpc_uart.o(.text)
    UART_Send                                0x000015e9   Thumb Code   224  lpc_uart.o(.text)
    UART_Receive                             0x000016c9   Thumb Code   186  lpc_uart.o(.text)
    UART_ForceBreak                          0x00001783   Thumb Code    88  lpc_uart.o(.text)
    UART_IntConfig                           0x000017db   Thumb Code   178  lpc_uart.o(.text)
    UART_GetLineStatus                       0x0000188d   Thumb Code    52  lpc_uart.o(.text)
    UART_GetIntId                            0x000018c1   Thumb Code    80  lpc_uart.o(.text)
    UART_CheckBusy                           0x00001911   Thumb Code    84  lpc_uart.o(.text)
    UART_FIFOConfig                          0x00001965   Thumb Code   152  lpc_uart.o(.text)
    UART_FIFOConfigStructInit                0x000019fd   Thumb Code    14  lpc_uart.o(.text)
    UART_ABCmd                               0x00001a0b   Thumb Code   210  lpc_uart.o(.text)
    UART_ABClearIntPending                   0x00001add   Thumb Code    56  lpc_uart.o(.text)
    UART_IrDAInvtInputCmd                    0x00001b15   Thumb Code    42  lpc_uart.o(.text)
    UART_IrDACmd                             0x00001b3f   Thumb Code    40  lpc_uart.o(.text)
    UART_IrDAPulseDivConfig                  0x00001b67   Thumb Code    38  lpc_uart.o(.text)
    UART_FullModemForcePinState              0x00001b8d   Thumb Code    64  lpc_uart.o(.text)
    UART_FullModemConfigMode                 0x00001bcd   Thumb Code    72  lpc_uart.o(.text)
    UART_FullModemGetStatus                  0x00001c15   Thumb Code    16  lpc_uart.o(.text)
    UART_RS485Config                         0x00001c25   Thumb Code   200  lpc_uart.o(.text)
    UART_RS485ReceiverCmd                    0x00001ced   Thumb Code    64  lpc_uart.o(.text)
    UART_RS485Send                           0x00001d2d   Thumb Code   138  lpc_uart.o(.text)
    UART_RS485SendSlvAddr                    0x00001db7   Thumb Code    18  lpc_uart.o(.text)
    UART_RS485SendData                       0x00001dc9   Thumb Code    22  lpc_uart.o(.text)
    mci_get_cmdresp                          0x00001e31   Thumb Code   232  drv_sd.o(.text)
    mci_send_cmd                             0x00001f19   Thumb Code   170  drv_sd.o(.text)
    mci_cmd_resp                             0x00001fc3   Thumb Code    46  drv_sd.o(.text)
    MCI_SettingDma                           0x000020b3   Thumb Code   102  drv_sd.o(.text)
    MCI_DMA_IRQHandler                       0x00002119   Thumb Code   138  drv_sd.o(.text)
    DMA_IRQHandler                           0x000021a3   Thumb Code    16  drv_sd.o(.text)
    mci_cmd_sendACMD                         0x00002201   Thumb Code   110  drv_sd.o(.text)
    mci_set_buswidth                         0x000022d3   Thumb Code    90  drv_sd.o(.text)
    mci_process_ISR                          0x0000234d   Thumb Code   252  drv_sd.o(.text)
    MCI_IRQHandler                           0x00002449   Thumb Code    16  drv_sd.o(.text)
    mci_card_reset                           0x00002459   Thumb Code    28  drv_sd.o(.text)
    mci_cmd_sendOpCond                       0x00002475   Thumb Code    82  drv_sd.o(.text)
    mci_cmd_sendIfCond                       0x000024c7   Thumb Code   108  drv_sd.o(.text)
    mci_acmd_sendOpCond                      0x00002533   Thumb Code   124  drv_sd.o(.text)
    mci_get_CID                              0x000025af   Thumb Code   172  drv_sd.o(.text)
    mci_set_cardAddress                      0x0000265b   Thumb Code   162  drv_sd.o(.text)
    mci_get_cardAddress                      0x000026fd   Thumb Code     6  drv_sd.o(.text)
    mci_get_CSD                              0x00002703   Thumb Code   134  drv_sd.o(.text)
    mci_cmd_selectCard                       0x00002789   Thumb Code   198  drv_sd.o(.text)
    mci_set_blockLen                         0x0000284f   Thumb Code    92  drv_sd.o(.text)
    mci_cmd_stopTransmission                 0x000028ab   Thumb Code   128  drv_sd.o(.text)
    mci_cmd_write                            0x0000292b   Thumb Code   140  drv_sd.o(.text)
    mci_cmd_read                             0x000029b7   Thumb Code   154  drv_sd.o(.text)
    mci_hw_init                              0x00002f81   Thumb Code   596  drv_sd.o(.text)
    UART0_IRQHandler                         0x0000331f   Thumb Code    62  drv_uart.o(.text)
    UART2_IRQHandler                         0x0000335d   Thumb Code    62  drv_uart.o(.text)
    rt_hw_uart_init                          0x0000339b   Thumb Code   248  drv_uart.o(.text)
    rtthread_startup                         0x0000351d   Thumb Code    52  startup.o(.text)
    main                                     0x00003551   Thumb Code    14  startup.o(.text)
    rt_system_tick_init                      0x00003569   Thumb Code     2  clock.o(.text)
    rt_tick_get                              0x0000356b   Thumb Code     6  clock.o(.text)
    rt_tick_set                              0x00003571   Thumb Code    22  clock.o(.text)
    rt_tick_increase                         0x00003587   Thumb Code    42  clock.o(.text)
    rt_tick_from_millisecond                 0x000035b1   Thumb Code    22  clock.o(.text)
    rt_device_find                           0x000035cd   Thumb Code    76  device.o(.text)
    rt_device_register                       0x00003619   Thumb Code    50  device.o(.text)
    rt_device_unregister                     0x0000364b   Thumb Code    38  device.o(.text)
    rt_device_init_all                       0x00003671   Thumb Code    74  device.o(.text)
    rt_device_init                           0x000036bb   Thumb Code    76  device.o(.text)
    rt_device_open                           0x00003707   Thumb Code   164  device.o(.text)
    rt_device_close                          0x000037ab   Thumb Code    82  device.o(.text)
    rt_device_read                           0x000037fd   Thumb Code    86  device.o(.text)
    rt_device_write                          0x00003853   Thumb Code    86  device.o(.text)
    rt_device_control                        0x000038a9   Thumb Code    58  device.o(.text)
    rt_device_set_rx_indicate                0x000038e3   Thumb Code    38  device.o(.text)
    rt_device_set_tx_complete                0x00003909   Thumb Code    38  device.o(.text)
    rt_thread_idle_sethook                   0x000039d5   Thumb Code     6  idle.o(.text)
    rt_thread_idle_excute                    0x000039db   Thumb Code   172  idle.o(.text)
    rt_thread_idle_init                      0x00003a9b   Thumb Code    38  idle.o(.text)
    rt_sem_init                              0x00003be5   Thumb Code    66  ipc.o(.text)
    rt_sem_detach                            0x00003c27   Thumb Code    46  ipc.o(.text)
    rt_sem_create                            0x00003c55   Thumb Code   100  ipc.o(.text)
    rt_sem_delete                            0x00003cb9   Thumb Code   102  ipc.o(.text)
    rt_sem_take                              0x00003d1f   Thumb Code   302  ipc.o(.text)
    rt_sem_trytake                           0x00003e4d   Thumb Code    14  ipc.o(.text)
    rt_sem_release                           0x00003e5b   Thumb Code    80  ipc.o(.text)
    rt_sem_control                           0x00003eab   Thumb Code    80  ipc.o(.text)
    rt_mutex_init                            0x00003efb   Thumb Code    74  ipc.o(.text)
    rt_mutex_detach                          0x00003f45   Thumb Code    48  ipc.o(.text)
    rt_mutex_create                          0x00003f75   Thumb Code   326  ipc.o(.text)
    rt_mutex_delete                          0x000040bb   Thumb Code   112  ipc.o(.text)
    rt_mutex_take                            0x0000412b   Thumb Code   386  ipc.o(.text)
    rt_mutex_release                         0x000042ad   Thumb Code   302  ipc.o(.text)
    rt_mutex_control                         0x000043db   Thumb Code     8  ipc.o(.text)
    rt_event_init                            0x000043e3   Thumb Code    64  ipc.o(.text)
    rt_event_detach                          0x00004423   Thumb Code    50  ipc.o(.text)
    rt_event_create                          0x00004455   Thumb Code   162  ipc.o(.text)
    rt_event_delete                          0x000044f7   Thumb Code   112  ipc.o(.text)
    rt_event_send                            0x00004567   Thumb Code   230  ipc.o(.text)
    rt_event_recv                            0x0000464d   Thumb Code   442  ipc.o(.text)
    rt_event_control                         0x00004807   Thumb Code    84  ipc.o(.text)
    rt_mb_init                               0x0000485b   Thumb Code    94  ipc.o(.text)
    rt_mb_detach                             0x000048b9   Thumb Code   112  ipc.o(.text)
    rt_mb_create                             0x00004929   Thumb Code   146  ipc.o(.text)
    rt_mb_delete                             0x000049bb   Thumb Code   126  ipc.o(.text)
    rt_mb_send_wait                          0x00004a39   Thumb Code   434  ipc.o(.text)
    rt_mb_send                               0x00004beb   Thumb Code    18  ipc.o(.text)
    rt_mb_recv                               0x00004bfd   Thumb Code   494  ipc.o(.text)
    rt_mb_control                            0x00004deb   Thumb Code    96  ipc.o(.text)
    rt_mq_init                               0x00004e4b   Thumb Code   136  ipc.o(.text)
    rt_mq_detach                             0x00004ed3   Thumb Code    50  ipc.o(.text)
    rt_mq_delete                             0x00004f05   Thumb Code   116  ipc.o(.text)
    rt_mq_create                             0x00004f79   Thumb Code   192  ipc.o(.text)
    rt_mq_send                               0x00005039   Thumb Code   248  ipc.o(.text)
    rt_mq_urgent                             0x00005131   Thumb Code   332  ipc.o(.text)
    rt_mq_recv                               0x0000527d   Thumb Code   520  ipc.o(.text)
    rt_mq_control                            0x00005485   Thumb Code   110  ipc.o(.text)
    rt_interrupt_enter                       0x00005549   Thumb Code    30  irq.o(.text)
    rt_interrupt_leave                       0x00005567   Thumb Code    30  irq.o(.text)
    rt_interrupt_get_nest                    0x00005585   Thumb Code     6  irq.o(.text)
    rt_get_errno                             0x00005591   Thumb Code    32  kservice.o(.text)
    rt_set_errno                             0x000055b1   Thumb Code    36  kservice.o(.text)
    _rt_errno                                0x000055d5   Thumb Code    30  kservice.o(.text)
    rt_memset                                0x000055f3   Thumb Code    72  kservice.o(.text)
    rt_memcpy                                0x0000563b   Thumb Code   120  kservice.o(.text)
    rt_memmove                               0x000056b3   Thumb Code    66  kservice.o(.text)
    rt_memcmp                                0x000056f5   Thumb Code    42  kservice.o(.text)
    rt_strlen                                0x0000571f   Thumb Code    18  kservice.o(.text)
    rt_strstr                                0x00005731   Thumb Code    58  kservice.o(.text)
    rt_strcasecmp                            0x0000576b   Thumb Code    48  kservice.o(.text)
    rt_strncpy                               0x0000579b   Thumb Code    52  kservice.o(.text)
    rt_strncmp                               0x000057cf   Thumb Code    40  kservice.o(.text)
    rt_strcmp                                0x000057f7   Thumb Code    28  kservice.o(.text)
    rt_strdup                                0x00005813   Thumb Code    40  kservice.o(.text)
    rt_hw_console_output                     0x0000583b   Thumb Code     2  kservice.o(.text)
    rt_vsnprintf                             0x000059d9   Thumb Code   796  kservice.o(.text)
    rt_kprintf                               0x00005cf5   Thumb Code    96  kservice.o(.text)
    rt_show_version                          0x00005d55   Thumb Code    38  kservice.o(.text)
    rt_snprintf                              0x00005d7b   Thumb Code    38  kservice.o(.text)
    rt_vsprintf                              0x00005da1   Thumb Code    22  kservice.o(.text)
    rt_sprintf                               0x00005db7   Thumb Code    34  kservice.o(.text)
    rt_console_get_device                    0x00005dd9   Thumb Code     6  kservice.o(.text)
    rt_console_set_device                    0x00005ddf   Thumb Code    48  kservice.o(.text)
    rt_malloc_align                          0x00005e0f   Thumb Code    66  kservice.o(.text)
    rt_free_align                            0x00005e51   Thumb Code    16  kservice.o(.text)
    __rt_ffs                                 0x00005e61   Thumb Code    72  kservice.o(.text)
    rt_malloc_sethook                        0x00005f45   Thumb Code     6  mem.o(.text)
    rt_free_sethook                          0x00005f4b   Thumb Code     6  mem.o(.text)
    rt_system_heap_init                      0x00006019   Thumb Code   216  mem.o(.text)
    rt_malloc                                0x000060f1   Thumb Code   974  mem.o(.text)
    rt_free                                  0x000064bf   Thumb Code   322  mem.o(.text)
    rt_realloc                               0x00006601   Thumb Code   330  mem.o(.text)
    rt_calloc                                0x0000674b   Thumb Code    98  mem.o(.text)
    rt_memory_info                           0x000067ad   Thumb Code    26  mem.o(.text)
    rt_object_attach_sethook                 0x00006875   Thumb Code     6  object.o(.text)
    rt_object_detach_sethook                 0x0000687b   Thumb Code     6  object.o(.text)
    rt_object_trytake_sethook                0x00006881   Thumb Code     6  object.o(.text)
    rt_object_take_sethook                   0x00006887   Thumb Code     6  object.o(.text)
    rt_object_put_sethook                    0x0000688d   Thumb Code     6  object.o(.text)
    rt_system_object_init                    0x00006893   Thumb Code     2  object.o(.text)
    rt_object_get_information                0x00006895   Thumb Code    10  object.o(.text)
    rt_object_init                           0x0000689f   Thumb Code    76  object.o(.text)
    rt_object_detach                         0x000068eb   Thumb Code    68  object.o(.text)
    rt_object_allocate                       0x0000692f   Thumb Code   148  object.o(.text)
    rt_object_delete                         0x000069c3   Thumb Code   108  object.o(.text)
    rt_object_is_systemobject                0x00006a2f   Thumb Code    46  object.o(.text)
    rt_object_find                           0x00006a5d   Thumb Code   110  object.o(.text)
    rt_scheduler_sethook                     0x00006b85   Thumb Code     6  scheduler.o(.text)
    rt_system_scheduler_init                 0x00006be5   Thumb Code    56  scheduler.o(.text)
    rt_system_scheduler_start                0x00006c1d   Thumb Code    36  scheduler.o(.text)
    rt_schedule                              0x00006c41   Thumb Code   134  scheduler.o(.text)
    rt_schedule_insert_thread                0x00006cc7   Thumb Code    94  scheduler.o(.text)
    rt_schedule_remove_thread                0x00006d25   Thumb Code   106  scheduler.o(.text)
    rt_enter_critical                        0x00006d8f   Thumb Code    28  scheduler.o(.text)
    rt_exit_critical                         0x00006dab   Thumb Code    54  scheduler.o(.text)
    rt_thread_timeout                        0x00006f09   Thumb Code    90  thread.o(.text)
    rt_thread_init                           0x00007011   Thumb Code   126  thread.o(.text)
    rt_thread_self                           0x0000708f   Thumb Code     6  thread.o(.text)
    rt_thread_resume                         0x00007095   Thumb Code    90  thread.o(.text)
    rt_thread_startup                        0x000070ef   Thumb Code   112  thread.o(.text)
    rt_thread_detach                         0x0000715f   Thumb Code    84  thread.o(.text)
    rt_thread_create                         0x000071b3   Thumb Code    98  thread.o(.text)
    rt_thread_delete                         0x00007215   Thumb Code    76  thread.o(.text)
    rt_thread_yield                          0x00007261   Thumb Code   314  thread.o(.text)
    rt_thread_suspend                        0x0000739b   Thumb Code    84  thread.o(.text)
    rt_thread_sleep                          0x000073ef   Thumb Code    90  thread.o(.text)
    rt_thread_delay                          0x00007449   Thumb Code    12  thread.o(.text)
    rt_thread_control                        0x00007455   Thumb Code   144  thread.o(.text)
    rt_thread_find                           0x000074e5   Thumb Code    76  thread.o(.text)
    rt_timer_timeout_sethook                 0x00007553   Thumb Code     6  timer.o(.text)
    rt_timer_dump                            0x00007609   Thumb Code    46  timer.o(.text)
    rt_timer_init                            0x00007637   Thumb Code    90  timer.o(.text)
    rt_timer_detach                          0x00007691   Thumb Code    56  timer.o(.text)
    rt_timer_create                          0x000076c9   Thumb Code    66  timer.o(.text)
    rt_timer_delete                          0x0000770b   Thumb Code    58  timer.o(.text)
    rt_timer_start                           0x00007745   Thumb Code   312  timer.o(.text)
    rt_timer_stop                            0x0000787d   Thumb Code    92  timer.o(.text)
    rt_timer_control                         0x000078d9   Thumb Code   232  timer.o(.text)
    rt_timer_check                           0x000079c1   Thumb Code   148  timer.o(.text)
    rt_timer_next_timeout_tick               0x00007a55   Thumb Code    10  timer.o(.text)
    rt_system_timer_init                     0x00007a5f   Thumb Code    24  timer.o(.text)
    rt_system_timer_thread_init              0x00007a77   Thumb Code     2  timer.o(.text)
    rt_hw_stack_init                         0x00007a99   Thumb Code    64  cpuport.o(.text)
    rt_hw_exception_install                  0x00007ad9   Thumb Code     6  cpuport.o(.text)
    rt_hw_hard_fault_exception               0x00007adf   Thumb Code   108  cpuport.o(.text)
    rt_hw_cpu_shutdown                       0x00007b4b   Thumb Code    30  cpuport.o(.text)
    rt_hw_interrupt_disable                  0x00007c45   Thumb Code     8  context_rvds.o(.text)
    rt_hw_interrupt_enable                   0x00007c4d   Thumb Code     6  context_rvds.o(.text)
    rt_hw_context_switch                     0x00007c53   Thumb Code    32  context_rvds.o(.text)
    rt_hw_context_switch_interrupt           0x00007c53   Thumb Code     0  context_rvds.o(.text)
    PendSV_Handler                           0x00007c73   Thumb Code   108  context_rvds.o(.text)
    rt_hw_context_switch_to                  0x00007cdf   Thumb Code    70  context_rvds.o(.text)
    rt_hw_interrupt_thread_switch            0x00007d25   Thumb Code     4  context_rvds.o(.text)
    HardFault_Handler                        0x00007d29   Thumb Code    20  context_rvds.o(.text)
    rt_hw_serial_register                    0x000080eb   Thumb Code   258  serial.o(.text)
    rt_hw_serial_isr                         0x000081ed   Thumb Code   194  serial.o(.text)
    rt_hw_serial_dma_tx_isr                  0x000082af   Thumb Code    64  serial.o(.text)
    rt_data_queue_init                       0x0000832f   Thumb Code    94  dataqueue.o(.text)
    rt_data_queue_push                       0x0000838d   Thumb Code   310  dataqueue.o(.text)
    rt_data_queue_pop                        0x000084c3   Thumb Code   406  dataqueue.o(.text)
    rt_data_queue_peak                       0x00008659   Thumb Code   110  dataqueue.o(.text)
    rt_data_queue_reset                      0x000086c7   Thumb Code   252  dataqueue.o(.text)
    __aeabi_uldivmod                         0x000087d9   Thumb Code     0  lludivv7m.o(.text)
    _ll_udiv                                 0x000087d9   Thumb Code   238  lludivv7m.o(.text)
    __aeabi_llsl                             0x000088c7   Thumb Code     0  llshl.o(.text)
    _ll_shift_l                              0x000088c7   Thumb Code    38  llshl.o(.text)
    __aeabi_llsr                             0x000088ed   Thumb Code     0  llushr.o(.text)
    _ll_ushift_r                             0x000088ed   Thumb Code    38  llushr.o(.text)
    __user_setup_stackheap                   0x00008913   Thumb Code    74  sys_stackheap_outer.o(.text)
    exit                                     0x0000895d   Thumb Code    12  exit.o(.text)
    _sys_exit                                0x00008969   Thumb Code     8  sys_exit.o(.text)
    __I$use$semihosting                      0x00008975   Thumb Code     0  use_no_semi.o(.text)
    __use_no_semihosting_swi                 0x00008975   Thumb Code     2  use_no_semi.o(.text)
    __semihosting_library_function           0x00008977   Thumb Code     0  indicate_semi.o(.text)
    _fp_init                                 0x00008977   Thumb Code    10  fpinit.o(x$fpl$fpinit)
    __fplib_config_fpu_vfp                   0x0000897f   Thumb Code     0  fpinit.o(x$fpl$fpinit)
    __fplib_config_pureend_doubles           0x0000897f   Thumb Code     0  fpinit.o(x$fpl$fpinit)
    GPDMA_LUTPerBurst                        0x00008980   Data          32  lpc_gpdma.o(.constdata)
    GPDMA_LUTPerWid                          0x000089a0   Data          32  lpc_gpdma.o(.constdata)
    __lowest_bit_bitmap                      0x00008c93   Data         256  kservice.o(.constdata)
    Region$$Table$$Base                      0x00009188   Number         0  anon$$obj.o(Region$$Table)
    Region$$Table$$Limit                     0x000091a8   Number         0  anon$$obj.o(Region$$Table)
    SystemCoreClock                          0x10000000   Data           4  system_lpc407x_8x_177x_8x.o(.data)
    PeripheralClock                          0x10000004   Data           4  system_lpc407x_8x_177x_8x.o(.data)
    EMCClock                                 0x10000008   Data           4  system_lpc407x_8x_177x_8x.o(.data)
    USBClock                                 0x1000000c   Data           4  system_lpc407x_8x_177x_8x.o(.data)
    GPDMA_LUTPerAddr                         0x10000010   Data         128  lpc_gpdma.o(.data)
    pGPDMACh                                 0x10000090   Data          32  lpc_gpdma.o(.data)
    dataSrcBlock                             0x100000b0   Data           4  drv_sd.o(.data)
    dataDestBlock                            0x100000b4   Data           4  drv_sd.o(.data)
    dmaWrCh_TermianalCnt                     0x100000b8   Data           4  drv_sd.o(.data)
    dmaWrCh_ErrorCnt                         0x100000bc   Data           4  drv_sd.o(.data)
    dmaRdCh_TermianalCnt                     0x100000c0   Data           4  drv_sd.o(.data)
    dmaRdCh_ErrorCnt                         0x100000c4   Data           4  drv_sd.o(.data)
    CardRCA                                  0x100000cc   Data           4  drv_sd.o(.data)
    CCS                                      0x100000d0   Data           1  drv_sd.o(.data)
    uart0                                    0x100000d1   Data           2  drv_uart.o(.data)
    uart2                                    0x100000d3   Data           2  drv_uart.o(.data)
    rt_interrupt_nest                        0x100000e0   Data           1  irq.o(.data)
    rt_object_container                      0x1000010c   Data         160  object.o(.data)
    rt_object_trytake_hook                   0x100001b4   Data           4  object.o(.data)
    rt_object_take_hook                      0x100001b8   Data           4  object.o(.data)
    rt_object_put_hook                       0x100001bc   Data           4  object.o(.data)
    rt_current_thread                        0x100001c4   Data           4  scheduler.o(.data)
    rt_current_priority                      0x100001c8   Data           1  scheduler.o(.data)
    rt_thread_ready_priority_group           0x100001cc   Data           4  scheduler.o(.data)
    rt_thread_defunct                        0x100001d0   Data           8  scheduler.o(.data)
    rt_interrupt_from_thread                 0x100001f0   Data           4  cpuport.o(.data)
    rt_interrupt_to_thread                   0x100001f4   Data           4  cpuport.o(.data)
    rt_thread_switch_interrupt_flag          0x100001f8   Data           4  cpuport.o(.data)
    uart0_int_rx                             0x100001fc   Data          68  drv_uart.o(.bss)
    serial0                                  0x10000240   Data         120  drv_uart.o(.bss)
    uart2_int_rx                             0x100002b8   Data          68  drv_uart.o(.bss)
    serial2                                  0x100002fc   Data         120  drv_uart.o(.bss)
    rt_thread_priority_table                 0x10000588   Data         256  scheduler.o(.bss)
    __libspace_start                         0x10000688   Data          96  libspace.o(.bss)
    __temporary_stack_top$libspace           0x100006e8   Data           0  libspace.o(.bss)
    Image$$RW_IRAM1$$ZI$$Limit               0x10000ae8   Number         0  startup_lpc407x_8x_177x_8x.o(STACK)



==============================================================================

Memory Map of the image

  Image Entry point : 0x000000e5

  Load Region LR_IROM1 (Base: 0x00000000, Size: 0x000093a4, Max: 0x00080000, ABSOLUTE, COMPRESSED[0x0000928c])

    Execution Region ER_IROM1 (Base: 0x00000000, Size: 0x000091a8, Max: 0x00080000, ABSOLUTE)

    Base Addr    Size         Type   Attr      Idx    E Section Name        Object

    0x00000000   0x000000e4   Data   RO           47    RESET               startup_lpc407x_8x_177x_8x.o
    0x000000e4   0x00000008   Code   RO         1262  * !!!main             c_w.l(__main.o)
    0x000000ec   0x00000034   Code   RO         1426    !!!scatter          c_w.l(__scatter.o)
    0x00000120   0x0000005a   Code   RO         1424    !!dczerorl2         c_w.l(__dczerorl2.o)
    0x0000017a   0x00000002   PAD
    0x0000017c   0x0000001c   Code   RO         1428    !!handler_zi        c_w.l(__scatter_zi.o)
    0x00000198   0x00000006   Code   RO         1299    .ARM.Collect$$libinit$$00000000  c_w.l(libinit.o)
    0x0000019e   0x00000000   Code   RO         1313    .ARM.Collect$$libinit$$00000006  c_w.l(libinit2.o)
    0x0000019e   0x00000000   Code   RO         1315    .ARM.Collect$$libinit$$00000008  c_w.l(libinit2.o)
    0x0000019e   0x00000000   Code   RO         1317    .ARM.Collect$$libinit$$0000000A  c_w.l(libinit2.o)
    0x0000019e   0x00000000   Code   RO         1320    .ARM.Collect$$libinit$$0000000D  c_w.l(libinit2.o)
    0x0000019e   0x00000000   Code   RO         1322    .ARM.Collect$$libinit$$0000000F  c_w.l(libinit2.o)
    0x0000019e   0x00000000   Code   RO         1324    .ARM.Collect$$libinit$$00000011  c_w.l(libinit2.o)
    0x0000019e   0x00000000   Code   RO         1326    .ARM.Collect$$libinit$$00000013  c_w.l(libinit2.o)
    0x0000019e   0x00000000   Code   RO         1328    .ARM.Collect$$libinit$$00000015  c_w.l(libinit2.o)
    0x0000019e   0x00000000   Code   RO         1330    .ARM.Collect$$libinit$$00000017  c_w.l(libinit2.o)
    0x0000019e   0x00000000   Code   RO         1332    .ARM.Collect$$libinit$$00000019  c_w.l(libinit2.o)
    0x0000019e   0x00000000   Code   RO         1334    .ARM.Collect$$libinit$$0000001B  c_w.l(libinit2.o)
    0x0000019e   0x00000000   Code   RO         1336    .ARM.Collect$$libinit$$0000001D  c_w.l(libinit2.o)
    0x0000019e   0x00000000   Code   RO         1338    .ARM.Collect$$libinit$$0000001F  c_w.l(libinit2.o)
    0x0000019e   0x00000000   Code   RO         1340    .ARM.Collect$$libinit$$00000021  c_w.l(libinit2.o)
    0x0000019e   0x00000000   Code   RO         1344    .ARM.Collect$$libinit$$00000028  c_w.l(libinit2.o)
    0x0000019e   0x00000000   Code   RO         1346    .ARM.Collect$$libinit$$0000002A  c_w.l(libinit2.o)
    0x0000019e   0x00000000   Code   RO         1348    .ARM.Collect$$libinit$$0000002C  c_w.l(libinit2.o)
    0x0000019e   0x00000000   Code   RO         1350    .ARM.Collect$$libinit$$0000002E  c_w.l(libinit2.o)
    0x0000019e   0x00000002   Code   RO         1351    .ARM.Collect$$libinit$$0000002F  c_w.l(libinit2.o)
    0x000001a0   0x00000002   Code   RO         1382    .ARM.Collect$$libshutdown$$00000000  c_w.l(libshutdown.o)
    0x000001a2   0x00000000   Code   RO         1409    .ARM.Collect$$libshutdown$$00000003  c_w.l(libshutdown2.o)
    0x000001a2   0x00000000   Code   RO         1412    .ARM.Collect$$libshutdown$$00000006  c_w.l(libshutdown2.o)
    0x000001a2   0x00000000   Code   RO         1415    .ARM.Collect$$libshutdown$$00000009  c_w.l(libshutdown2.o)
    0x000001a2   0x00000000   Code   RO         1417    .ARM.Collect$$libshutdown$$0000000B  c_w.l(libshutdown2.o)
    0x000001a2   0x00000000   Code   RO         1420    .ARM.Collect$$libshutdown$$0000000E  c_w.l(libshutdown2.o)
    0x000001a2   0x00000002   Code   RO         1421    .ARM.Collect$$libshutdown$$0000000F  c_w.l(libshutdown2.o)
    0x000001a4   0x00000000   Code   RO         1264    .ARM.Collect$$rtentry$$00000000  c_w.l(rtentry.o)
    0x000001a4   0x00000000   Code   RO         1270    .ARM.Collect$$rtentry$$00000002  c_w.l(rtentry2.o)
    0x000001a4   0x00000006   Code   RO         1282    .ARM.Collect$$rtentry$$00000004  c_w.l(rtentry4.o)
    0x000001aa   0x00000000   Code   RO         1272    .ARM.Collect$$rtentry$$00000009  c_w.l(rtentry2.o)
    0x000001aa   0x00000004   Code   RO         1273    .ARM.Collect$$rtentry$$0000000A  c_w.l(rtentry2.o)
    0x000001ae   0x00000000   Code   RO         1275    .ARM.Collect$$rtentry$$0000000C  c_w.l(rtentry2.o)
    0x000001ae   0x00000008   Code   RO         1276    .ARM.Collect$$rtentry$$0000000D  c_w.l(rtentry2.o)
    0x000001b6   0x00000002   Code   RO         1303    .ARM.Collect$$rtexit$$00000000  c_w.l(rtexit.o)
    0x000001b8   0x00000000   Code   RO         1357    .ARM.Collect$$rtexit$$00000002  c_w.l(rtexit2.o)
    0x000001b8   0x00000004   Code   RO         1358    .ARM.Collect$$rtexit$$00000003  c_w.l(rtexit2.o)
    0x000001bc   0x00000006   Code   RO         1359    .ARM.Collect$$rtexit$$00000004  c_w.l(rtexit2.o)
    0x000001c2   0x00000002   PAD
    0x000001c4   0x0000003c   Code   RO           49    .text               startup_lpc407x_8x_177x_8x.o
    0x00000200   0x0000009c   Code   RO          591    .text               board.o
    0x0000029c   0x00000050   Code   RO          846    .text               application.o
    0x000002ec   0x00000006   Code   RO         1260    .text               c_w.l(heapauxi.o)
    0x000002f2   0x00000002   PAD
    0x000002f4   0x00000008   Code   RO         1300    .text               c_w.l(libspace.o)
    0x000002fc   0x00000004   Code   RO           48    .ARM.__at_0x02FC    startup_lpc407x_8x_177x_8x.o
    0x00000300   0x00000408   Code   RO            2    .text               system_lpc407x_8x_177x_8x.o
    0x00000708   0x00000158   Code   RO          133    .text               lpc_clkpwr.o
    0x00000860   0x0000038c   Code   RO          253    .text               lpc_gpdma.o
    0x00000bec   0x00000450   Code   RO          423    .text               lpc_pinsel.o
    0x0000103c   0x00000dac   Code   RO          553    .text               lpc_uart.o
    0x00001de8   0x00001444   Code   RO          737    .text               drv_sd.o
    0x0000322c   0x000002f0   Code   RO          822    .text               drv_uart.o
    0x0000351c   0x0000004c   Code   RO          859    .text               startup.o
    0x00003568   0x00000064   Code   RO          874    .text               clock.o
    0x000035cc   0x00000408   Code   RO          888    .text               device.o
    0x000039d4   0x00000164   Code   RO          902    .text               idle.o
    0x00003b38   0x00001a10   Code   RO          922    .text               ipc.o
    0x00005548   0x00000048   Code   RO          939    .text               irq.o
    0x00005590   0x000009b4   Code   RO          954    .text               kservice.o
    0x00005f44   0x00000910   Code   RO          971    .text               mem.o
    0x00006854   0x00000330   Code   RO         1018    .text               object.o
    0x00006b84   0x00000318   Code   RO         1038    .text               scheduler.o
    0x00006e9c   0x000006a8   Code   RO         1059    .text               thread.o
    0x00007544   0x00000554   Code   RO         1076    .text               timer.o
    0x00007a98   0x000001ac   Code   RO         1095    .text               cpuport.o
    0x00007c44   0x00000110   Code   RO         1111    .text               context_rvds.o
    0x00007d54   0x000005cc   Code   RO         1149    .text               serial.o
    0x00008320   0x000004b8   Code   RO         1178    .text               dataqueue.o
    0x000087d8   0x000000ee   Code   RO         1250    .text               c_w.l(lludivv7m.o)
    0x000088c6   0x00000026   Code   RO         1252    .text               c_w.l(llshl.o)
    0x000088ec   0x00000026   Code   RO         1254    .text               c_w.l(llushr.o)
    0x00008912   0x0000004a   Code   RO         1286    .text               c_w.l(sys_stackheap_outer.o)
    0x0000895c   0x0000000c   Code   RO         1288    .text               c_w.l(exit.o)
    0x00008968   0x0000000c   Code   RO         1354    .text               c_w.l(sys_exit.o)
    0x00008974   0x00000002   Code   RO         1371    .text               c_w.l(use_no_semi.o)
    0x00008976   0x00000000   Code   RO         1373    .text               c_w.l(indicate_semi.o)
    0x00008976   0x0000000a   Code   RO         1352    x$fpl$fpinit        fz_wm.l(fpinit.o)
    0x00008980   0x00000040   Data   RO          254    .constdata          lpc_gpdma.o
    0x000089c0   0x0000000f   Data   RO          738    .constdata          drv_sd.o
    0x000089cf   0x00000001   PAD
    0x000089d0   0x0000002e   Data   RO          824    .constdata          drv_uart.o
    0x000089fe   0x000000a8   Data   RO          889    .constdata          device.o
    0x00008aa6   0x00000016   Data   RO          904    .constdata          idle.o
    0x00008abc   0x000001d7   Data   RO          923    .constdata          ipc.o
    0x00008c93   0x00000122   Data   RO          956    .constdata          kservice.o
    0x00008db5   0x00000003   PAD
    0x00008db8   0x00000138   Data   RO          973    .constdata          mem.o
    0x00008ef0   0x0000005e   Data   RO         1019    .constdata          object.o
    0x00008f4e   0x0000004e   Data   RO         1040    .constdata          scheduler.o
    0x00008f9c   0x000000aa   Data   RO         1060    .constdata          thread.o
    0x00009046   0x0000005c   Data   RO         1077    .constdata          timer.o
    0x000090a2   0x00000013   Data   RO         1096    .constdata          cpuport.o
    0x000090b5   0x00000086   Data   RO         1150    .constdata          serial.o
    0x0000913b   0x0000004b   Data   RO         1179    .constdata          dataqueue.o
    0x00009186   0x00000002   PAD
    0x00009188   0x00000020   Data   RO         1422    Region$$Table       anon$$obj.o


    Execution Region RW_IRAM1 (Base: 0x10000000, Size: 0x00000ae8, Max: 0x00010000, ABSOLUTE, COMPRESSED[0x000000e4])

    Base Addr    Size         Type   Attr      Idx    E Section Name        Object

    0x10000000   0x00000010   Data   RW            3    .data               system_lpc407x_8x_177x_8x.o
    0x10000010   0x000000a0   Data   RW          255    .data               lpc_gpdma.o
    0x100000b0   0x00000021   Data   RW          739    .data               drv_sd.o
    0x100000d1   0x00000004   Data   RW          825    .data               drv_uart.o
    0x100000d5   0x00000003   PAD
    0x100000d8   0x00000004   Data   RW          875    .data               clock.o
    0x100000dc   0x00000004   Data   RW          905    .data               idle.o
    0x100000e0   0x00000001   Data   RW          940    .data               irq.o
    0x100000e1   0x00000003   PAD
    0x100000e4   0x00000008   Data   RW          957    .data               kservice.o
    0x100000ec   0x00000020   Data   RW          974    .data               mem.o
    0x1000010c   0x000000b4   Data   RW         1020    .data               object.o
    0x100001c0   0x0000001c   Data   RW         1041    .data               scheduler.o
    0x100001dc   0x00000010   Data   RW         1078    .data               timer.o
    0x100001ec   0x00000010   Data   RW         1097    .data               cpuport.o
    0x100001fc   0x00000178   Zero   RW          823    .bss                drv_uart.o
    0x10000374   0x00000178   Zero   RW          903    .bss                idle.o
    0x100004ec   0x00000080   Zero   RW          955    .bss                kservice.o
    0x1000056c   0x0000001c   Zero   RW          972    .bss                mem.o
    0x10000588   0x00000100   Zero   RW         1039    .bss                scheduler.o
    0x10000688   0x00000060   Zero   RW         1301    .bss                c_w.l(libspace.o)
    0x100006e8   0x00000000   Zero   RW           46    HEAP                startup_lpc407x_8x_177x_8x.o
    0x100006e8   0x00000400   Zero   RW           45    STACK               startup_lpc407x_8x_177x_8x.o


==============================================================================

Image component sizes


      Code (inc. data)   RO Data    RW Data    ZI Data      Debug   Object Name

        80         28          0          0          0        731   application.o
       156         20          0          0          0      28118   board.o
       100          6          0          4          0       1684   clock.o
       272         24          0          0          0        864   context_rvds.o
       428        220         19         16          0       3967   cpuport.o
      1208        144         75          0          0       6921   dataqueue.o
      1032        166        168          0          0       5745   device.o
         0          0          0          0          0       3940   drv_i2c.o
      5188        220         15         33          0      65471   drv_sd.o
       752        114         46          4        376      21791   drv_uart.o
       356        104         22          4        376       3207   idle.o
      6672        464        471          0          0      23547   ipc.o
        72          6          0          1          0       1582   irq.o
      2484        168        290          8        128      11512   kservice.o
         0          0          0          0          0       1240   lpc_adc.o
       344         48          0          0          0       1819   lpc_clkpwr.o
         0          0          0          0          0       2344   lpc_dac.o
       908         66         64        160          0       7485   lpc_gpdma.o
      1104         20          0          0          0       6514   lpc_pinsel.o
      3500        156          0          0          0      19065   lpc_uart.o
      2320        516        312         32         28       6170   mem.o
       816        186         94        180          0       6376   object.o
       792        182         78         28        256       4955   scheduler.o
      1484        214        134          0          0       6449   serial.o
        76         10          0          0          0        652   startup.o
        64         26        228          0       1024       1192   startup_lpc407x_8x_177x_8x.o
      1032        104          0         16          0      30352   system_lpc407x_8x_177x_8x.o
      1704        244        170          0          0       8714   thread.o
      1364        150         92         16          0       8309   timer.o

    ----------------------------------------------------------------------
     34308       3606       2316        508       2188     290716   Object Totals
         0          0         32          0          0          0   (incl. Generated)
         0          0          6          6          0          0   (incl. Padding)

    ----------------------------------------------------------------------

      Code (inc. data)   RO Data    RW Data    ZI Data      Debug   Library Member Name

        90          0          0          0          0          0   __dczerorl2.o
         8          0          0          0          0         68   __main.o
        52          8          0          0          0          0   __scatter.o
        28          0          0          0          0          0   __scatter_zi.o
        12          0          0          0          0         72   exit.o
         6          0          0          0          0        152   heapauxi.o
         0          0          0          0          0          0   indicate_semi.o
         6          0          0          0          0          0   libinit.o
         2          0          0          0          0          0   libinit2.o
         2          0          0          0          0          0   libshutdown.o
         2          0          0          0          0          0   libshutdown2.o
         8          4          0          0         96         68   libspace.o
        38          0          0          0          0         68   llshl.o
       238          0          0          0          0        100   lludivv7m.o
        38          0          0          0          0         68   llushr.o
         0          0          0          0          0          0   rtentry.o
        12          0          0          0          0          0   rtentry2.o
         6          0          0          0          0          0   rtentry4.o
         2          0          0          0          0          0   rtexit.o
        10          0          0          0          0          0   rtexit2.o
        12          4          0          0          0         68   sys_exit.o
        74          0          0          0          0         80   sys_stackheap_outer.o
         2          0          0          0          0         68   use_no_semi.o
        10          0          0          0          0        116   fpinit.o

    ----------------------------------------------------------------------
       664         16          0          0         96        928   Library Totals
         6          0          0          0          0          0   (incl. Padding)

    ----------------------------------------------------------------------

      Code (inc. data)   RO Data    RW Data    ZI Data      Debug   Library Name

       648         16          0          0         96        812   c_w.l
        10          0          0          0          0        116   fz_wm.l

    ----------------------------------------------------------------------
       664         16          0          0         96        928   Library Totals

    ----------------------------------------------------------------------

==============================================================================


      Code (inc. data)   RO Data    RW Data    ZI Data      Debug   

     34972       3622       2316        508       2284     286428   Grand Totals
     34972       3622       2316        228       2284     286428   ELF Image Totals (compressed)
     34972       3622       2316        228          0          0   ROM Totals

==============================================================================

    Total RO  Size (Code + RO Data)                37288 (  36.41kB)
    Total RW  Size (RW Data + ZI Data)              2792 (   2.73kB)
    Total ROM Size (Code + RO Data + RW Data)      37516 (  36.64kB)

==============================================================================

